// Vitest Snapshot v1, https://vitest.dev/guide/snapshot.html

exports[`responds with data 1`] = `"some other data!!!"`;
